{
    "code": 400,
    "message": "Validation Failed",
    "errors": {
        "children": {
            "name": {
                "errors": [
                    "Brand name must not be longer than 191 characters."
                ]
            },
            "slug": {
                "errors": [
                    "Brand slug must not be longer than 191 characters."
                ]
            },
            "images": {}
        }
    }
}
