{
    "page": 1,
    "limit": 10,
    "pages": 1,
    "total": 1,
    "_links": {
        "self": {
            "href": "\/api\/v1\/brands\/?criteria%5Bsearch%5D%5Btype%5D=contains&criteria%5Bsearch%5D%5Bvalue%5D=sylius&page=1&limit=10"
        },
        "first": {
            "href": "\/api\/v1\/brands\/?criteria%5Bsearch%5D%5Btype%5D=contains&criteria%5Bsearch%5D%5Bvalue%5D=sylius&page=1&limit=10"
        },
        "last": {
            "href": "\/api\/v1\/brands\/?criteria%5Bsearch%5D%5Btype%5D=contains&criteria%5Bsearch%5D%5Bvalue%5D=sylius&page=1&limit=10"
        }
    },
    "_embedded": {
        "items": [
            {
                "id": "@integer@",
                "code": "sylius",
                "name": "Sylius",
                "_links": {
                    "self": {
                        "href": "\/api\/v1\/brands\/sylius"
                    },
                    "images": {
                        "href": "\/api\/v1\/brands\/sylius\/images\/"
                    },
                    "products": {
                        "href": "\/api\/v1\/brands\/sylius\/products\/"
                    }
                }
            }
        ]
    }
}
