{
    "page": 1,
    "limit": 10,
    "pages": 1,
    "total": 3,
    "_links": {
        "self": {
            "href": "\/api\/v1\/brands\/?page=1&limit=10"
        },
        "first": {
            "href": "\/api\/v1\/brands\/?page=1&limit=10"
        },
        "last": {
            "href": "\/api\/v1\/brands\/?page=1&limit=10"
        }
    },
    "_embedded": {
        "items": [
            {
                "id": @integer@,
                "slug": "setono",
                "name": "Setono",
                "_links": {
                    "self": {
                        "href": "\/api\/v1\/brands\/setono"
                    },
                    "images": {
                        "href": "\/api\/v1\/brands\/setono\/images\/"
                    },
                    "products": {
                        "href": "\/api\/v1\/brands\/setono\/products\/"
                    }
                }
            },
            {
                "id": @integer@,
                "slug": "sylius",
                "name": "Sylius",
                "_links": {
                    "self": {
                        "href": "\/api\/v1\/brands\/sylius"
                    },
                    "images": {
                        "href": "\/api\/v1\/brands\/sylius\/images\/"
                    },
                    "products": {
                        "href": "\/api\/v1\/brands\/sylius\/products\/"
                    }
                }
            },
            {
                "id": @integer@,
                "slug": "symfony",
                "name": "Symfony",
                "_links": {
                    "self": {
                        "href": "\/api\/v1\/brands\/symfony"
                    },
                    "images": {
                        "href": "\/api\/v1\/brands\/symfony\/images\/"
                    },
                    "products": {
                        "href": "\/api\/v1\/brands\/symfony\/products\/"
                    }
                }
            }
        ]
    }
}
