{
    "id": "@integer@",
    "slug": "setono",
    "name": "Setono",
    "images": [
        {
            "id": "@integer@",
            "type": "logo",
            "path": "\/setono-logo-1.jpg",
            "_links": {
                "self": {
                    "href": "@string@.startsWith('/api/v1/brands/setono/images/')"
                }
            }
        },
        {
            "id": "@integer@",
            "path": "\/setono-etc.jpg",
            "_links": {
                "self": {
                    "href": "@string@.startsWith('/api/v1/brands/setono/images/')"
                }
            }
        },
        {
            "id": "@integer@",
            "type": "logo",
            "path": "\/setono-logo-big.jpg",
            "_links": {
                "self": {
                    "href": "@string@.startsWith('/api/v1/brands/setono/images/')"
                }
            }
        }
    ],
    "_links": {
        "self": {
            "href": "\/api\/v1\/brands\/setono"
        },
        "images": {
            "href": "\/api\/v1\/brands\/setono\/images\/"
        },
        "products": {
            "href": "\/api\/v1\/brands\/setono\/products\/"
        }
    }
}
