{
    "id": "@integer@",
    "slug": "symfony",
    "name": "Updated name",
    "images": [],
    "_links": {
        "self": {
            "href": "\/api\/v1\/brands\/symfony"
        },
        "images": {
            "href": "\/api\/v1\/brands\/symfony\/images\/"
        },
        "products": {
            "href": "\/api\/v1\/brands\/symfony\/products\/"
        }
    }
}
