{
    "name": "Setono mug",
    "id": "@integer@",
    "code": "SETONO_MUG",
    "attributes": [],
    "options": [],
    "associations": [],
    "translations": "@array@",
    "productTaxons": [],
    "channels": [],
    "reviews": [],
    "averageRating": 0,
    "images": "@array@",
    "brand": {
        "id": "@integer@",
        "slug": "sylius",
        "name": "Sylius",
        "images": "@array@",
        "_links": {
            "self": {
                "href": "\/api\/v1\/brands\/sylius"
            },
            "images": {
                "href": "\/api\/v1\/brands\/sylius\/images\/"
            },
            "products": {
                "href": "\/api\/v1\/brands\/sylius\/products\/"
            }
        }
    },
    "_links": "@array@"
}
