{
  "code":500,
  "message":"loevgaard_sylius_brand.brand_image.upload_error"
}
