{
    "page": 1,
    "limit": 10,
    "pages": 1,
    "total": 2,
    "_links": {
        "self": {
            "href": "\/api\/v1\/brands\/setono\/images\/by-type\/logo?page=1&limit=10"
        },
        "first": {
            "href": "\/api\/v1\/brands\/setono\/images\/by-type\/logo?page=1&limit=10"
        },
        "last": {
            "href": "\/api\/v1\/brands\/setono\/images\/by-type\/logo?page=1&limit=10"
        }
    },
    "_embedded": {
        "items": [
            {
                "id": "@integer@",
                "type": "logo",
                "path": "\/setono-logo-1.jpg",
                "_links": {
                    "self": {
                        "href": "@string@.startsWith('/api/v1/brands/setono/images/')"
                    }
                }
            },
            {
                "id": "@integer@",
                "type": "logo",
                "path": "\/setono-logo-big.jpg",
                "_links": {
                    "self": {
                        "href": "@string@.startsWith('/api/v1/brands/setono/images/')"
                    }
                }
            }
        ]
    }
}
