{
    "id": "@integer@",
    "type": "updated-type",
    "path": "\/sylius-logo.jpg",
    "owner": "@array@",
    "_links": {
        "self": {
          "href": "@string@.startsWith('/api/v1/brands/sylius/images/')"
        }
    }
}
