{
    "id": "@integer@",
    "type": "logo",
    "path": "\/sylius-logo.jpg",
    "owner": {
        "id": "@integer@",
        "slug": "sylius",
        "name": "Sylius",
        "images": [],
        "_links": {
            "self": {
                "href": "\/api\/v1\/brands\/sylius"
            },
            "images": {
                "href": "\/api\/v1\/brands\/sylius\/images\/"
            },
            "products": {
                "href": "\/api\/v1\/brands\/sylius\/products\/"
            }
        }
    },
    "_links": {
        "self": {
          "href": "@string@.startsWith('/api/v1/brands/sylius/images/')"
        }
    }
}
