{
    "code": 500,
    "message": "loevgaard_sylius_brand.brand.delete_error"
}
